<testsuites id="" name="" tests="10" failures="0" skipped="0" errors="0" time="10.462365">
<testsuite name="console_errors_diagnostic.spec.ts" timestamp="2025-10-05T18:07:12.385Z" hostname="chromium" tests="2" failures="0" skipped="0" time="7.991" errors="0">
<testcase name="Console Errors Diagnostic › Analyze console errors and warnings" classname="console_errors_diagnostic.spec.ts" time="4.651">
<system-out>
<![CDATA[
🔍 Starting Console Diagnostic Test...

═══════════════════════════════════════════════════════
📊 CONSOLE DIAGNOSTIC REPORT
═══════════════════════════════════════════════════════

📈 Total Messages: 20
❌ Errors: 0
⚠️  Warnings: 0
ℹ️  Info: 17

✅ REACT ROUTER WARNINGS: None detected

✅ CUSTOM ELEMENT ERRORS: None detected

✅ NULL PROPERTY ERRORS: None detected

⚠️  FONT WARNINGS:
   Count: 1
   Status: ℹ️  Non-critical (can be ignored)

✅ APPLICATION ERRORS: None detected

═══════════════════════════════════════════════════════
🔧 FIX STATUS CHECK
═══════════════════════════════════════════════════════

Error Suppression Utility: ❌ Not Found
React Router Future Flags: ✅ Applied
Custom Element Protection: ✅ Working

═══════════════════════════════════════════════════════
📋 ALL CONSOLE MESSAGES
═══════════════════════════════════════════════════════

1. ℹ️ [DEBUG]
   [vite] connecting...
   📍 http://localhost:5173/@vite/client

2. ℹ️ [DEBUG]
   [vite] connected.
   📍 http://localhost:5173/@vite/client

3. ℹ️ [INFO]
   %cDownload the React DevTools for a better development experience: https://reactjs.org/link/react-devtools font-weight:bold
   📍 http://localhost:5173/node_modules/.vite/deps/chunk-PJEEZAML.js?v=1a2ca2d0

4. ℹ️ [LOG]
   🚀 TSH ERP System - Enhanced Authentication Mode
   📍 http://localhost:5173/src/App.tsx?t=1759681881470

5. ℹ️ [LOG]
   ✅ Error suppression enabled - console is now cleaner
   📍 http://localhost:5173/src/utils/errorSuppression.ts?t=1759684645915

6. ℹ️ [LOG]
   🚀 Starting TSH ERP System - Full Tailwind Mode...
   📍 http://localhost:5173/src/main.tsx?t=1759684645915

7. ℹ️ [LOG]
   Root element: JSHandle@node
   📍 http://localhost:5173/src/main.tsx?t=1759684645915

8. ℹ️ [LOG]
   🎯 App component rendering with authentication...
   📍 http://localhost:5173/src/App.tsx?t=1759681881470

9. ℹ️ [LOG]
   🎯 App component rendering with authentication...
   📍 http://localhost:5173/src/App.tsx?t=1759681881470

10. ℹ️ [LOG]
   🚫 Not authenticated, redirecting to login
   📍 http://localhost:5173/src/App.tsx?t=1759681881470

11. ℹ️ [LOG]
   🚫 Not authenticated, redirecting to login
   📍 http://localhost:5173/src/App.tsx?t=1759681881470

12. ℹ️ [LOG]
   🔐 Initializing app - checking stored authentication...
   📍 http://localhost:5173/src/App.tsx?t=1759681881470

13. ℹ️ [LOG]
   🔐 Checking authentication...
   📍 http://localhost:5173/src/stores/authStore.ts?t=1759681881470

14. ℹ️ [LOG]
   ❌ No valid authentication found
   📍 http://localhost:5173/src/stores/authStore.ts?t=1759681881470

15. ℹ️ [LOG]
   ℹ️ No stored authentication found
   📍 http://localhost:5173/src/App.tsx?t=1759681881470

16. ℹ️ [LOG]
   🔐 Initializing app - checking stored authentication...
   📍 http://localhost:5173/src/App.tsx?t=1759681881470

17. ℹ️ [LOG]
   🔐 Checking authentication...
   📍 http://localhost:5173/src/stores/authStore.ts?t=1759681881470

18. ℹ️ [LOG]
   ❌ No valid authentication found
   📍 http://localhost:5173/src/stores/authStore.ts?t=1759681881470

19. ℹ️ [LOG]
   ℹ️ No stored authentication found
   📍 http://localhost:5173/src/App.tsx?t=1759681881470

20. ℹ️ [VERBOSE]
   [DOM] Input elements should have autocomplete attributes (suggested: "current-password"): (More info: https://goo.gl/9p2vKq) %o
   📍 http://localhost:5173/login

═══════════════════════════════════════════════════════
🎯 RECOMMENDATIONS
═══════════════════════════════════════════════════════

✅ All fixes have been successfully applied!
   Your console is clean and error-free.

═══════════════════════════════════════════════════════

📸 Screenshot saved: test-results/console-diagnostic-screenshot.png

]]>
</system-out>
</testcase>
<testcase name="Console Errors Diagnostic › Check main.tsx for applied fixes" classname="console_errors_diagnostic.spec.ts" time="3.34">
<system-out>
<![CDATA[
🔍 Checking if fixes are present in source code...

Checking source files for fixes...
Note: This checks if the compiled bundle includes the fixes

✅ Page loaded successfully
Check the console messages in the previous test for details

]]>
</system-out>
</testcase>
</testsuite>
<testsuite name="console_errors_diagnostic.spec.ts" timestamp="2025-10-05T18:07:12.385Z" hostname="firefox" tests="2" failures="0" skipped="0" time="9.264" errors="0">
<testcase name="Console Errors Diagnostic › Analyze console errors and warnings" classname="console_errors_diagnostic.spec.ts" time="5.809">
<system-out>
<![CDATA[
🔍 Starting Console Diagnostic Test...

═══════════════════════════════════════════════════════
📊 CONSOLE DIAGNOSTIC REPORT
═══════════════════════════════════════════════════════

📈 Total Messages: 19
❌ Errors: 0
⚠️  Warnings: 0
ℹ️  Info: 17

✅ REACT ROUTER WARNINGS: None detected

✅ CUSTOM ELEMENT ERRORS: None detected

✅ NULL PROPERTY ERRORS: None detected

✅ APPLICATION ERRORS: None detected

═══════════════════════════════════════════════════════
🔧 FIX STATUS CHECK
═══════════════════════════════════════════════════════

Error Suppression Utility: ❌ Not Found
React Router Future Flags: ✅ Applied
Custom Element Protection: ✅ Working

═══════════════════════════════════════════════════════
📋 ALL CONSOLE MESSAGES
═══════════════════════════════════════════════════════

1. ℹ️ [DEBUG]
   [vite] connecting...
   📍 http://localhost:5173/@vite/client

2. ℹ️ [DEBUG]
   [vite] connected.
   📍 http://localhost:5173/@vite/client

3. ℹ️ [INFO]
   Download the React DevTools for a better development experience: https://reactjs.org/link/react-devtools
   📍 http://localhost:5173/node_modules/.vite/deps/chunk-PJEEZAML.js?v=1a2ca2d0

4. ℹ️ [LOG]
   🚀 TSH ERP System - Enhanced Authentication Mode
   📍 http://localhost:5173/src/App.tsx?t=1759681881470

5. ℹ️ [LOG]
   ✅ Error suppression enabled - console is now cleaner
   📍 http://localhost:5173/src/utils/errorSuppression.ts?t=1759684645915

6. ℹ️ [LOG]
   🚀 Starting TSH ERP System - Full Tailwind Mode...
   📍 http://localhost:5173/src/main.tsx?t=1759684645915

7. ℹ️ [LOG]
   Root element: JSHandle@node
   📍 http://localhost:5173/src/main.tsx?t=1759684645915

8. ℹ️ [LOG]
   🎯 App component rendering with authentication...
   📍 http://localhost:5173/src/App.tsx?t=1759681881470

9. ℹ️ [LOG]
   🎯 App component rendering with authentication...
   📍 http://localhost:5173/src/App.tsx?t=1759681881470

10. ℹ️ [LOG]
   🚫 Not authenticated, redirecting to login
   📍 http://localhost:5173/src/App.tsx?t=1759681881470

11. ℹ️ [LOG]
   🚫 Not authenticated, redirecting to login
   📍 http://localhost:5173/src/App.tsx?t=1759681881470

12. ℹ️ [LOG]
   🔐 Initializing app - checking stored authentication...
   📍 http://localhost:5173/src/App.tsx?t=1759681881470

13. ℹ️ [LOG]
   🔐 Checking authentication...
   📍 http://localhost:5173/src/stores/authStore.ts?t=1759681881470

14. ℹ️ [LOG]
   ❌ No valid authentication found
   📍 http://localhost:5173/src/stores/authStore.ts?t=1759681881470

15. ℹ️ [LOG]
   ℹ️ No stored authentication found
   📍 http://localhost:5173/src/App.tsx?t=1759681881470

16. ℹ️ [LOG]
   🔐 Initializing app - checking stored authentication...
   📍 http://localhost:5173/src/App.tsx?t=1759681881470

17. ℹ️ [LOG]
   🔐 Checking authentication...
   📍 http://localhost:5173/src/stores/authStore.ts?t=1759681881470

18. ℹ️ [LOG]
   ❌ No valid authentication found
   📍 http://localhost:5173/src/stores/authStore.ts?t=1759681881470

19. ℹ️ [LOG]
   ℹ️ No stored authentication found
   📍 http://localhost:5173/src/App.tsx?t=1759681881470

═══════════════════════════════════════════════════════
🎯 RECOMMENDATIONS
═══════════════════════════════════════════════════════

✅ All fixes have been successfully applied!
   Your console is clean and error-free.

═══════════════════════════════════════════════════════

📸 Screenshot saved: test-results/console-diagnostic-screenshot.png

]]>
</system-out>
</testcase>
<testcase name="Console Errors Diagnostic › Check main.tsx for applied fixes" classname="console_errors_diagnostic.spec.ts" time="3.455">
<system-out>
<![CDATA[
🔍 Checking if fixes are present in source code...

Checking source files for fixes...
Note: This checks if the compiled bundle includes the fixes

✅ Page loaded successfully
Check the console messages in the previous test for details

]]>
</system-out>
</testcase>
</testsuite>
<testsuite name="console_errors_diagnostic.spec.ts" timestamp="2025-10-05T18:07:12.385Z" hostname="webkit" tests="2" failures="0" skipped="0" time="7.8" errors="0">
<testcase name="Console Errors Diagnostic › Analyze console errors and warnings" classname="console_errors_diagnostic.spec.ts" time="4.686">
<system-out>
<![CDATA[
🔍 Starting Console Diagnostic Test...

═══════════════════════════════════════════════════════
📊 CONSOLE DIAGNOSTIC REPORT
═══════════════════════════════════════════════════════

📈 Total Messages: 20
❌ Errors: 0
⚠️  Warnings: 0
ℹ️  Info: 18

✅ REACT ROUTER WARNINGS: None detected

✅ CUSTOM ELEMENT ERRORS: None detected

✅ NULL PROPERTY ERRORS: None detected

⚠️  FONT WARNINGS:
   Count: 2
   Status: ℹ️  Non-critical (can be ignored)

✅ APPLICATION ERRORS: None detected

═══════════════════════════════════════════════════════
🔧 FIX STATUS CHECK
═══════════════════════════════════════════════════════

Error Suppression Utility: ❌ Not Found
React Router Future Flags: ✅ Applied
Custom Element Protection: ✅ Working

═══════════════════════════════════════════════════════
📋 ALL CONSOLE MESSAGES
═══════════════════════════════════════════════════════

1. ℹ️ [DEBUG]
   [vite] connecting...
   📍 http://localhost:5173/@vite/client

2. ℹ️ [DEBUG]
   [vite] connected.
   📍 http://localhost:5173/@vite/client

3. ℹ️ [LOG]
   🚀 TSH ERP System - Enhanced Authentication Mode
   📍 http://localhost:5173/src/App.tsx?t=1759681881470

4. ℹ️ [LOG]
   ✅ Error suppression enabled - console is now cleaner
   📍 http://localhost:5173/src/utils/errorSuppression.ts?t=1759684645915

5. ℹ️ [LOG]
   🚀 Starting TSH ERP System - Full Tailwind Mode...
   📍 http://localhost:5173/src/main.tsx?t=1759684645915

6. ℹ️ [LOG]
   Root element: JSHandle@node
   📍 http://localhost:5173/src/main.tsx?t=1759684645915

7. ℹ️ [INFO]
   Successfully preconnected to https://fonts.gstatic.com/

8. ℹ️ [LOG]
   🎯 App component rendering with authentication...
   📍 http://localhost:5173/src/App.tsx?t=1759681881470

9. ℹ️ [LOG]
   🎯 App component rendering with authentication...
   📍 http://localhost:5173/src/App.tsx?t=1759681881470

10. ℹ️ [LOG]
   🚫 Not authenticated, redirecting to login
   📍 http://localhost:5173/src/App.tsx?t=1759681881470

11. ℹ️ [LOG]
   🚫 Not authenticated, redirecting to login
   📍 http://localhost:5173/src/App.tsx?t=1759681881470

12. ℹ️ [LOG]
   🔐 Initializing app - checking stored authentication...
   📍 http://localhost:5173/src/App.tsx?t=1759681881470

13. ℹ️ [LOG]
   🔐 Checking authentication...
   📍 http://localhost:5173/src/stores/authStore.ts?t=1759681881470

14. ℹ️ [LOG]
   ❌ No valid authentication found
   📍 http://localhost:5173/src/stores/authStore.ts?t=1759681881470

15. ℹ️ [LOG]
   ℹ️ No stored authentication found
   📍 http://localhost:5173/src/App.tsx?t=1759681881470

16. ℹ️ [LOG]
   🔐 Initializing app - checking stored authentication...
   📍 http://localhost:5173/src/App.tsx?t=1759681881470

17. ℹ️ [LOG]
   🔐 Checking authentication...
   📍 http://localhost:5173/src/stores/authStore.ts?t=1759681881470

18. ℹ️ [LOG]
   ❌ No valid authentication found
   📍 http://localhost:5173/src/stores/authStore.ts?t=1759681881470

19. ℹ️ [LOG]
   ℹ️ No stored authentication found
   📍 http://localhost:5173/src/App.tsx?t=1759681881470

20. ℹ️ [INFO]
   Successfully preconnected to https://fonts.googleapis.com/

═══════════════════════════════════════════════════════
🎯 RECOMMENDATIONS
═══════════════════════════════════════════════════════

✅ All fixes have been successfully applied!
   Your console is clean and error-free.

═══════════════════════════════════════════════════════

📸 Screenshot saved: test-results/console-diagnostic-screenshot.png

]]>
</system-out>
</testcase>
<testcase name="Console Errors Diagnostic › Check main.tsx for applied fixes" classname="console_errors_diagnostic.spec.ts" time="3.114">
<system-out>
<![CDATA[
🔍 Checking if fixes are present in source code...

Checking source files for fixes...
Note: This checks if the compiled bundle includes the fixes

✅ Page loaded successfully
Check the console messages in the previous test for details

]]>
</system-out>
</testcase>
</testsuite>
<testsuite name="console_errors_diagnostic.spec.ts" timestamp="2025-10-05T18:07:12.385Z" hostname="Mobile Chrome" tests="2" failures="0" skipped="0" time="8.004" errors="0">
<testcase name="Console Errors Diagnostic › Analyze console errors and warnings" classname="console_errors_diagnostic.spec.ts" time="4.61">
<system-out>
<![CDATA[
🔍 Starting Console Diagnostic Test...

═══════════════════════════════════════════════════════
📊 CONSOLE DIAGNOSTIC REPORT
═══════════════════════════════════════════════════════

📈 Total Messages: 22
❌ Errors: 2
⚠️  Warnings: 0
ℹ️  Info: 17

✅ REACT ROUTER WARNINGS: None detected

✅ CUSTOM ELEMENT ERRORS: None detected

✅ NULL PROPERTY ERRORS: None detected

⚠️  FONT WARNINGS:
   Count: 1
   Status: ℹ️  Non-critical (can be ignored)

✅ APPLICATION ERRORS: None detected

═══════════════════════════════════════════════════════
🔧 FIX STATUS CHECK
═══════════════════════════════════════════════════════

Error Suppression Utility: ❌ Not Found
React Router Future Flags: ✅ Applied
Custom Element Protection: ✅ Working

═══════════════════════════════════════════════════════
📋 ALL CONSOLE MESSAGES
═══════════════════════════════════════════════════════

1. ℹ️ [DEBUG]
   [vite] connecting...
   📍 http://localhost:5173/@vite/client

2. ℹ️ [DEBUG]
   [vite] connected.
   📍 http://localhost:5173/@vite/client

3. ℹ️ [INFO]
   %cDownload the React DevTools for a better development experience: https://reactjs.org/link/react-devtools font-weight:bold
   📍 http://localhost:5173/node_modules/.vite/deps/chunk-PJEEZAML.js?v=1a2ca2d0

4. ℹ️ [LOG]
   🚀 TSH ERP System - Enhanced Authentication Mode
   📍 http://localhost:5173/src/App.tsx?t=1759681881470

5. ℹ️ [LOG]
   ✅ Error suppression enabled - console is now cleaner
   📍 http://localhost:5173/src/utils/errorSuppression.ts?t=1759684645915

6. ℹ️ [LOG]
   🚀 Starting TSH ERP System - Full Tailwind Mode...
   📍 http://localhost:5173/src/main.tsx?t=1759684645915

7. ℹ️ [LOG]
   Root element: JSHandle@node
   📍 http://localhost:5173/src/main.tsx?t=1759684645915

8. ℹ️ [LOG]
   🎯 App component rendering with authentication...
   📍 http://localhost:5173/src/App.tsx?t=1759681881470

9. ℹ️ [LOG]
   🎯 App component rendering with authentication...
   📍 http://localhost:5173/src/App.tsx?t=1759681881470

10. ℹ️ [LOG]
   🚫 Not authenticated, redirecting to login
   📍 http://localhost:5173/src/App.tsx?t=1759681881470

11. ℹ️ [LOG]
   🚫 Not authenticated, redirecting to login
   📍 http://localhost:5173/src/App.tsx?t=1759681881470

12. ℹ️ [LOG]
   🔐 Initializing app - checking stored authentication...
   📍 http://localhost:5173/src/App.tsx?t=1759681881470

13. ℹ️ [LOG]
   🔐 Checking authentication...
   📍 http://localhost:5173/src/stores/authStore.ts?t=1759681881470

14. ℹ️ [LOG]
   ❌ No valid authentication found
   📍 http://localhost:5173/src/stores/authStore.ts?t=1759681881470

15. ℹ️ [LOG]
   ℹ️ No stored authentication found
   📍 http://localhost:5173/src/App.tsx?t=1759681881470

16. ℹ️ [LOG]
   🔐 Initializing app - checking stored authentication...
   📍 http://localhost:5173/src/App.tsx?t=1759681881470

17. ℹ️ [LOG]
   🔐 Checking authentication...
   📍 http://localhost:5173/src/stores/authStore.ts?t=1759681881470

18. ℹ️ [LOG]
   ❌ No valid authentication found
   📍 http://localhost:5173/src/stores/authStore.ts?t=1759681881470

19. ℹ️ [LOG]
   ℹ️ No stored authentication found
   📍 http://localhost:5173/src/App.tsx?t=1759681881470

20. ℹ️ [VERBOSE]
   [DOM] Input elements should have autocomplete attributes (suggested: "current-password"): (More info: https://goo.gl/9p2vKq) %o
   📍 http://localhost:5173/login

21. ❌ [ERROR]
   Failed to load resource: net::ERR_SOCKET_NOT_CONNECTED
   📍 https://fonts.googleapis.com/css2?family=Inter:wght@300;400;500;600;700&display=swap

22. ❌ [ERROR]
   Failed to load resource: net::ERR_SOCKET_NOT_CONNECTED
   📍 https://fonts.googleapis.com/css2?family=Noto+Sans+Arabic:wght@300;400;500;600;700&display=swap

═══════════════════════════════════════════════════════
🎯 RECOMMENDATIONS
═══════════════════════════════════════════════════════

✅ All fixes have been successfully applied!
   Your console is clean and error-free.

═══════════════════════════════════════════════════════

📸 Screenshot saved: test-results/console-diagnostic-screenshot.png

]]>
</system-out>
</testcase>
<testcase name="Console Errors Diagnostic › Check main.tsx for applied fixes" classname="console_errors_diagnostic.spec.ts" time="3.394">
<system-out>
<![CDATA[
🔍 Checking if fixes are present in source code...

Checking source files for fixes...
Note: This checks if the compiled bundle includes the fixes

✅ Page loaded successfully
Check the console messages in the previous test for details

]]>
</system-out>
</testcase>
</testsuite>
<testsuite name="console_errors_diagnostic.spec.ts" timestamp="2025-10-05T18:07:12.385Z" hostname="Mobile Safari" tests="2" failures="0" skipped="0" time="7.718" errors="0">
<testcase name="Console Errors Diagnostic › Analyze console errors and warnings" classname="console_errors_diagnostic.spec.ts" time="4.625">
<system-out>
<![CDATA[
🔍 Starting Console Diagnostic Test...

═══════════════════════════════════════════════════════
📊 CONSOLE DIAGNOSTIC REPORT
═══════════════════════════════════════════════════════

📈 Total Messages: 20
❌ Errors: 0
⚠️  Warnings: 0
ℹ️  Info: 18

✅ REACT ROUTER WARNINGS: None detected

✅ CUSTOM ELEMENT ERRORS: None detected

✅ NULL PROPERTY ERRORS: None detected

⚠️  FONT WARNINGS:
   Count: 2
   Status: ℹ️  Non-critical (can be ignored)

✅ APPLICATION ERRORS: None detected

═══════════════════════════════════════════════════════
🔧 FIX STATUS CHECK
═══════════════════════════════════════════════════════

Error Suppression Utility: ❌ Not Found
React Router Future Flags: ✅ Applied
Custom Element Protection: ✅ Working

═══════════════════════════════════════════════════════
📋 ALL CONSOLE MESSAGES
═══════════════════════════════════════════════════════

1. ℹ️ [DEBUG]
   [vite] connecting...
   📍 http://localhost:5173/@vite/client

2. ℹ️ [DEBUG]
   [vite] connected.
   📍 http://localhost:5173/@vite/client

3. ℹ️ [LOG]
   🚀 TSH ERP System - Enhanced Authentication Mode
   📍 http://localhost:5173/src/App.tsx?t=1759681881470

4. ℹ️ [LOG]
   ✅ Error suppression enabled - console is now cleaner
   📍 http://localhost:5173/src/utils/errorSuppression.ts?t=1759684645915

5. ℹ️ [LOG]
   🚀 Starting TSH ERP System - Full Tailwind Mode...
   📍 http://localhost:5173/src/main.tsx?t=1759684645915

6. ℹ️ [LOG]
   Root element: JSHandle@node
   📍 http://localhost:5173/src/main.tsx?t=1759684645915

7. ℹ️ [INFO]
   Successfully preconnected to https://fonts.gstatic.com/

8. ℹ️ [LOG]
   🎯 App component rendering with authentication...
   📍 http://localhost:5173/src/App.tsx?t=1759681881470

9. ℹ️ [LOG]
   🎯 App component rendering with authentication...
   📍 http://localhost:5173/src/App.tsx?t=1759681881470

10. ℹ️ [LOG]
   🚫 Not authenticated, redirecting to login
   📍 http://localhost:5173/src/App.tsx?t=1759681881470

11. ℹ️ [LOG]
   🚫 Not authenticated, redirecting to login
   📍 http://localhost:5173/src/App.tsx?t=1759681881470

12. ℹ️ [LOG]
   🔐 Initializing app - checking stored authentication...
   📍 http://localhost:5173/src/App.tsx?t=1759681881470

13. ℹ️ [LOG]
   🔐 Checking authentication...
   📍 http://localhost:5173/src/stores/authStore.ts?t=1759681881470

14. ℹ️ [LOG]
   ❌ No valid authentication found
   📍 http://localhost:5173/src/stores/authStore.ts?t=1759681881470

15. ℹ️ [LOG]
   ℹ️ No stored authentication found
   📍 http://localhost:5173/src/App.tsx?t=1759681881470

16. ℹ️ [LOG]
   🔐 Initializing app - checking stored authentication...
   📍 http://localhost:5173/src/App.tsx?t=1759681881470

17. ℹ️ [LOG]
   🔐 Checking authentication...
   📍 http://localhost:5173/src/stores/authStore.ts?t=1759681881470

18. ℹ️ [LOG]
   ❌ No valid authentication found
   📍 http://localhost:5173/src/stores/authStore.ts?t=1759681881470

19. ℹ️ [LOG]
   ℹ️ No stored authentication found
   📍 http://localhost:5173/src/App.tsx?t=1759681881470

20. ℹ️ [INFO]
   Successfully preconnected to https://fonts.googleapis.com/

═══════════════════════════════════════════════════════
🎯 RECOMMENDATIONS
═══════════════════════════════════════════════════════

✅ All fixes have been successfully applied!
   Your console is clean and error-free.

═══════════════════════════════════════════════════════

📸 Screenshot saved: test-results/console-diagnostic-screenshot.png

]]>
</system-out>
</testcase>
<testcase name="Console Errors Diagnostic › Check main.tsx for applied fixes" classname="console_errors_diagnostic.spec.ts" time="3.093">
<system-out>
<![CDATA[
🔍 Checking if fixes are present in source code...

Checking source files for fixes...
Note: This checks if the compiled bundle includes the fixes

✅ Page loaded successfully
Check the console messages in the previous test for details

]]>
</system-out>
</testcase>
</testsuite>
</testsuites>